Microchip MPLAB XC8 Compiler V2.40

Linker command line:

-W-3 \
  --edf=C:\Program Files\Microchip\xc8\v2.40\pic\dat\20220703182018_en.msgs \
  -cn -h+dist/default/production\Proyecto_2.X.production.sym \
  --cmf=dist/default/production\Proyecto_2.X.production.cmf -z -Q16F887 \
  -oC:\Users\colum\AppData\Local\Temp\xcAsmqo.4 --defsym=__MPLAB_BUILD=1 \
  --fixupoverflow=error \
  -Mdist/default/production/Proyecto_2.X.production.map \
  --md=C:\Users\colum\AppData\Local\Temp\xcAsmqo.dat -E1 -ver=XC8 Compiler \
  --acfsm=1493 -ACODE=00h-07FFhx4 -ASTRCODE=00h-01FFFh -ASTRING=00h-0FFhx32 \
  -ACONST=00h-0FFhx32 -AENTRY=00h-0FFhx32 -ACOMMON=070h-07Fh \
  -ABANK0=020h-06Fh -ABANK1=0A0h-0EFh -ABANK2=0110h-016Fh \
  -ABANK3=0190h-01EFh -ARAM=020h-06Fh,0A0h-0EFh,0110h-016Fh,0190h-01EFh \
  -AABS1=020h-07Fh,0A0h-0EFh,0110h-016Fh,0190h-01EFh -ASFR0=00h-01Fh \
  -ASFR1=080h-09Fh -ASFR2=0100h-010Fh -ASFR3=0180h-018Fh \
  -ACONFIG=02007h-02008h -DCONFIG=2 -AIDLOC=02000h-02003h -DIDLOC=2 \
  -AEEDATA=00h-0FFh/02100h -peeprom_data=EEDATA -DEEDATA=2 -DCODE=2 \
  -DSTRCODE=2 -DSTRING=2 -DCONST=2 -DENTRY=2 \
  -preset_vec=00h,intentry=04h,init,end_init -ppowerup=CODE -pcinit=CODE \
  -pfunctab=ENTRY -k C:\Users\colum\AppData\Local\Temp\xcAsmqo.o \
  dist/default/production\Proyecto_2.X.production.o 

Object code version is 3.11

Machine type is 16F887



                Name                               Link     Load   Length Selector   Space Scale
C:\Users\colum\AppData\Local\Temp\xcAsmqo.o
                end_init                             12       12        3        8       0
                reset_vec                             0        0        3        0       0
                config                             2007     2007        2        0       4
                idloc                              2000     2000        4        0       5
dist/default/production\Proyecto_2.X.production.o
                cinit                                15       15       2B        8       0
                intentry                              4        4        E        8       0
                config                             2007     2007        2        0       4
                idloc                              2000     2000        4        0       5
                text33                              8F0      8F0       17     11E0       0
                text32                             13EF     13EF       1B     27DE       0
                text31                             1453     1453       26     28A6       0
                text30                             1507     1507       37     2A0E       0
                text29                             1650     1650       61     2CA0       0
                text28                             14D1     14D1       36     29A2       0
                text27                             15B6     15B6       44     2B6C       0
                text26                             153E     153E       3A     2A7C       0
                text25                             1717     1717       6E     2E2E       0
                text24                             140A     140A       24     2814       0
                text23                              502      502      258        8       0
                text22                              AE8      AE8      1D3     15D0       0
                text21                             1479     1479       27     28F2       0
                text20                              CBB      CBB      345     1976       0
                text19                              75A      75A       8E        8       0
                text18                              A30      A30       B8     1460       0
                text17                              982      982       AE     1304       0
                text16                             142E     142E       25     285C       0
                text15                             13DD     13DD       12     27BA       0
                text14                             1785     1785       7B     2F0A       0
                text13                             13BC     13BC       10     2778       0
                text12                               40       40      4C2        8       0
                text11                              907      907       7B     120E       0
                text10                             15FA     15FA       56     2BF4       0
                text9                              13CC     13CC       11     2798       0
                text8                              13AE     13AE        7     275C       0
                text7                              13A2     13A2        4     2744       0
                text6                              13A6     13A6        4     274C       0
                text5                               7E8      7E8       18        8       0
                text4                              13B5     13B5        7     276A       0
                text3                              13AA     13AA        4     2754       0
                text2                              16B1     16B1       66     2D62       0
                text1                              14A0     14A0       31     2940       0
                maintext                           1578     1578       3E     2AF0       0
                cstackBANK0                          20       20       50       20       1
                cstackCOMMON                         70       70        E       70       1
                cstackBANK1                          A0       A0       18       A0       1
                cstackBANK2                         110      110        2      110       1
                cstackBANK3                         190      190       48      190       1
                dataBANK3                           1E7      1E7        2      190       1
                bssBANK3                            1D8      1D8        F      190       1
                dataBANK1                            B8       B8        1       A0       1
                strings                             800      800       EF     1000       0
                idataBANK3                         13A0     13A0        2     2740       0
                idataBANK1                            3        3        1        0       0

TOTAL           Name                               Link     Load   Length     Space
        CLASS   CODE           
                end_init                             12       12        3         0
                cinit                                15       15       2B         0
                intentry                              4        4        E         0
                reset_vec                             0        0        3         0
                text33                              8F0      8F0       17         0
                text32                             13EF     13EF       1B         0
                text31                             1453     1453       26         0
                text30                             1507     1507       37         0
                text29                             1650     1650       61         0
                text28                             14D1     14D1       36         0
                text27                             15B6     15B6       44         0
                text26                             153E     153E       3A         0
                text25                             1717     1717       6E         0
                text24                             140A     140A       24         0
                text23                              502      502      258         0
                text22                              AE8      AE8      1D3         0
                text21                             1479     1479       27         0
                text20                              CBB      CBB      345         0
                text19                              75A      75A       8E         0
                text18                              A30      A30       B8         0
                text17                              982      982       AE         0
                text16                             142E     142E       25         0
                text15                             13DD     13DD       12         0
                text14                             1785     1785       7B         0
                text13                             13BC     13BC       10         0
                text12                               40       40      4C2         0
                text11                              907      907       7B         0
                text10                             15FA     15FA       56         0
                text9                              13CC     13CC       11         0
                text8                              13AE     13AE        7         0
                text7                              13A2     13A2        4         0
                text6                              13A6     13A6        4         0
                text5                               7E8      7E8       18         0
                text4                              13B5     13B5        7         0
                text3                              13AA     13AA        4         0
                text2                              16B1     16B1       66         0
                text1                              14A0     14A0       31         0
                maintext                           1578     1578       3E         0
                idataBANK3                         13A0     13A0        2         0
                idataBANK1                            3        3        1         0

        CLASS   STRCODE        

        CLASS   STRING         
                strings                             800      800       EF         0

        CLASS   CONST          

        CLASS   ENTRY          

        CLASS   COMMON         
                cstackCOMMON                         70       70        E         1

        CLASS   BANK0          
                cstackBANK0                          20       20       50         1

        CLASS   BANK1          
                cstackBANK1                          A0       A0       18         1
                dataBANK1                            B8       B8        1         1

        CLASS   BANK2          
                cstackBANK2                         110      110        2         1

        CLASS   BANK3          
                cstackBANK3                         190      190       48         1
                dataBANK3                           1E7      1E7        2         1
                bssBANK3                            1D8      1D8        F         1

        CLASS   RAM            

        CLASS   ABS1           
                abs_s1                               7E       7E        2         1

        CLASS   SFR0           

        CLASS   SFR1           

        CLASS   SFR2           

        CLASS   SFR3           

        CLASS   CONFIG         
                config                             2007     2007        2         4

        CLASS   IDLOC          
                idloc                              2000     2000        4         5

        CLASS   EEDATA         

        CLASS   STACK          



SEGMENTS        Name                           Load    Length   Top    Selector   Space  Class     Delta

                reset_vec                      000000  000004  000004         0       0  CODE        2
                intentry                       000004  0007FC  000800         8       0  CODE        2
                cstackBANK0                    000020  000050  000070        20       1  BANK0       1
                cstackCOMMON                   000070  00000E  00007E        70       1  COMMON      1
                cstackBANK1                    0000A0  000019  0000B9        A0       1  BANK1       1
                cstackBANK2                    000110  000002  000112       110       1  BANK2       1
                cstackBANK3                    000190  000059  0001E9       190       1  BANK3       1
                strings                        000800  0000EF  0008EF      1000       0  STRING      2
                text33                         0008F0  000017  000907      11E0       0  CODE        2
                text11                         000907  00007B  000982      120E       0  CODE        2
                text17                         000982  0000AE  000A30      1304       0  CODE        2
                text18                         000A30  0000B8  000AE8      1460       0  CODE        2
                text22                         000AE8  0001D3  000CBB      15D0       0  CODE        2
                text20                         000CBB  000345  001000      1976       0  CODE        2
                idataBANK3                     0013A0  000002  0013A2      2740       0  CODE        2
                text7                          0013A2  000004  0013A6      2744       0  CODE        2
                text6                          0013A6  000004  0013AA      274C       0  CODE        2
                text3                          0013AA  000004  0013AE      2754       0  CODE        2
                text8                          0013AE  000007  0013B5      275C       0  CODE        2
                text4                          0013B5  000007  0013BC      276A       0  CODE        2
                text13                         0013BC  000010  0013CC      2778       0  CODE        2
                text9                          0013CC  000011  0013DD      2798       0  CODE        2
                text15                         0013DD  000012  0013EF      27BA       0  CODE        2
                text32                         0013EF  00001B  00140A      27DE       0  CODE        2
                text24                         00140A  000024  00142E      2814       0  CODE        2
                text16                         00142E  000025  001453      285C       0  CODE        2
                text31                         001453  000026  001479      28A6       0  CODE        2
                text21                         001479  000027  0014A0      28F2       0  CODE        2
                text1                          0014A0  000031  0014D1      2940       0  CODE        2
                text28                         0014D1  000036  001507      29A2       0  CODE        2
                text30                         001507  000037  00153E      2A0E       0  CODE        2
                text26                         00153E  00003A  001578      2A7C       0  CODE        2
                maintext                       001578  00003E  0015B6      2AF0       0  CODE        2
                text27                         0015B6  000044  0015FA      2B6C       0  CODE        2
                text10                         0015FA  000056  001650      2BF4       0  CODE        2
                text29                         001650  000061  0016B1      2CA0       0  CODE        2
                text2                          0016B1  000066  001717      2D62       0  CODE        2
                text25                         001717  00006E  001785      2E2E       0  CODE        2
                text14                         001785  00007B  001800      2F0A       0  CODE        2


UNUSED ADDRESS RANGES

        Name                Unused          Largest block    Delta
        BANK1            00B9-00EF             37           1
        BANK2            0112-016F             5E           1
        BANK3            01E9-01EF              7           1
        CODE             08EF-08EF              1           2
                         1000-139F            3A0
                         1800-1FFF            800
        CONST            08EF-08EF              1           2
                         1000-139F            100
                         1800-1FFF            100
        EEDATA           2100-21FF            100           2
        ENTRY            08EF-08EF              1           2
                         1000-139F            100
                         1800-1FFF            100
        RAM              00B9-00EF             37           1
                         0112-016F             5E
                         01E9-01EF              7
        SFR0             0000-001F             20           1
        SFR1             0080-009F             20           1
        SFR2             0100-010F             10           1
        SFR3             0180-018F             10           1
        STRCODE          08EF-08EF              1           2
                         1000-139F            3A0
                         1800-1FFF            800
        STRING           08EF-08EF              1           2
                         1000-139F            100
                         1800-1FFF            100

                                  Symbol Table

?__Umul8_16                     cstackCOMMON 0070
?___fladd                       cstackBANK0  0054
?___fldiv                       cstackBANK0  0020
?___flmul                       cstackBANK0  003A
?___fltol                       cstackBANK0  0068
?___lwdiv                       cstackCOMMON 0070
?___lwmod                       cstackCOMMON 0070
?___wmul                        cstackCOMMON 0070
?___xxtofl                      cstackCOMMON 0070
?_atoi                          cstackCOMMON 0076
?_map                           cstackBANK1  00A2
?_string_to_int                 cstackBANK0  0020
ADC_Int@ADFM_Select             cstackBANK1  00B5
ADC_Select@channel              cstackBANK2  0110
EEPROM_Read@adress              cstackCOMMON 0070
EEPROM_Write@adress             cstackCOMMON 0071
EEPROM_Write@data               cstackCOMMON 0070
Enviar_Texto@text               cstackCOMMON 0070
PWM_Mux_Channel_Select@channel  cstackCOMMON 0070
PWM_config@canal                cstackBANK1  00B5
PWM_config@periodo              cstackBANK2  0110
PWM_duty@canal                  cstackBANK1  00AD
PWM_duty@duty                   cstackBANK1  00A9
Recibir_Texto@Output            cstackCOMMON 0073
Recibir_Texto@i                 cstackCOMMON 0074
Recibir_Texto@maxLength         cstackCOMMON 0070
_ADCON0                         (abs)        001F
_ADCON0bits                     (abs)        001F
_ADCON1bits                     (abs)        009F
_ADC_Change                     text10       15FA
_ADC_Int                        text9        13CC
_ADC_Isr_Enable                 text8        13AE
_ADC_Select                     text11       0907
_ADIE                           (abs)        0466
_ADIF                           (abs)        0066
_ADRESH                         (abs)        001E
_ANSEL                          (abs)        0188
_ANSELH                         (abs)        0189
_Bandera_ADC                    bssBANK3     01E5
_CCP1CON                        (abs)        0017
_CCP1CONbits                    (abs)        0017
_CCP2CON                        (abs)        001D
_CCP2CONbits                    (abs)        001D
_CCPR1L                         (abs)        0015
_CCPR2L                         (abs)        001B
_EEADR                          (abs)        010D
_EECON1bits                     (abs)        018C
_EECON2                         (abs)        018D
_EEDAT                          (abs)        010C
_EEPROM_Read                    text33       08F0
_EEPROM_Write                   text32       13EF
_EUSART_Disable_RX_Isr          text7        13A2
_EUSART_Disable_TX_Isr          text6        13A6
_EUSART_Init                    text5        07E8
_Enviar_Texto                   text31       1453
_Flag_1                         bssBANK3     01E4
_Flag_2                         dataBANK3    01E8
_Flag_3                         dataBANK3    01E7
_GIE                            (abs)        005F
_INTCONbits                     (abs)        000B
_IOCB                           (abs)        0096
_Int_Enable                     text4        13B5
_OPTION_REGbits                 (abs)        0081
_OSCCONbits                     (abs)        008F
_PEIE                           (abs)        005E
_PIE1bits                       (abs)        008C
_PIR1bits                       (abs)        000C
_PORTA                          (abs)        0005
_PORTB                          (abs)        0006
_PORTBbits                      (abs)        0006
_PORTC                          (abs)        0007
_PORTD                          (abs)        0008
_PORTDbits                      (abs)        0008
_PORTE                          (abs)        0009
_PR2                            (abs)        0092
_PSTRCONbits                    (abs)        009D
_PWM_Enable_Mux                 text3        13AA
_PWM_Mux_Channel_Select         text30       1507
_PWM_config                     text2        16B1
_PWM_duty                       text29       1650
_RB0                            (abs)        0030
_RB1                            (abs)        0031
_RB2                            (abs)        0032
_RBIE                           (abs)        005B
_RBIF                           (abs)        0058
_RCIF                           (abs)        0065
_RCREG                          (abs)        001A
_RCSTAbits                      (abs)        0018
_Recibir_Texto                  text28       14D1
_SPBRG                          (abs)        0099
_SPBRGH                         (abs)        009A
_Selector                       bssBANK3     01E6
_Servo1_Val                     bssBANK3     01E2
_Servo2_Val                     bssBANK3     01E0
_Servo3_Val                     bssBANK3     01DE
_Servo4_Val                     bssBANK3     01DC
_Servo_Pos                      bssBANK3     01D8
_Setup                          text1        14A0
_T0IE                           (abs)        005D
_T0IF                           (abs)        005A
_T2CONbits                      (abs)        0012
_TRISA                          (abs)        0085
_TRISB                          (abs)        0086
_TRISC                          (abs)        0087
_TRISD                          (abs)        0088
_TRISE                          (abs)        0089
_TXIF                           (abs)        0064
_TXREG                          (abs)        0019
_TXSTAbits                      (abs)        0098
__Habs1                         abs1         0000
__Hbank0                        bank0        0000
__Hbank1                        bank1        0000
__Hbank2                        bank2        0000
__Hbank3                        bank3        0000
__HbssBANK3                     bssBANK3     0000
__Hcinit                        cinit        0040
__Hclrtext                      clrtext      0000
__Hcode                         code         0000
__Hcommon                       common       0000
__Hconfig                       config       2009
__HcstackBANK0                  cstackBANK0  0000
__HcstackBANK1                  cstackBANK1  0000
__HcstackBANK2                  cstackBANK2  0000
__HcstackBANK3                  cstackBANK3  0000
__HcstackCOMMON                 cstackCOMMON 0000
__HdataBANK1                    dataBANK1    0000
__HdataBANK3                    dataBANK3    0000
__Heeprom_data                  eeprom_data  0000
__Hend_init                     end_init     0015
__Hfunctab                      functab      0000
__HidataBANK1                   idataBANK1   0000
__HidataBANK3                   idataBANK3   0000
__Hidloc                        idloc        2004
__Hinit                         init         0012
__Hintentry                     intentry     0012
__Hmaintext                     maintext     0000
__Hpowerup                      powerup      0000
__Hram                          ram          0000
__Hreset_vec                    reset_vec    0003
__Hsfr0                         sfr0         0000
__Hsfr1                         sfr1         0000
__Hsfr2                         sfr2         0000
__Hsfr3                         sfr3         0000
__Hspace_0                      (abs)        1800
__Hspace_1                      (abs)        01E9
__Hspace_2                      (abs)        0000
__Hspace_3                      (abs)        0000
__Hspace_4                      (abs)        4010
__Hstack                        stack        0000
__Hstrings                      strings      0000
__Htext                         text         0000
__Labs1                         abs1         0000
__Lbank0                        bank0        0000
__Lbank1                        bank1        0000
__Lbank2                        bank2        0000
__Lbank3                        bank3        0000
__LbssBANK3                     bssBANK3     0000
__Lcinit                        cinit        0015
__Lclrtext                      clrtext      0000
__Lcode                         code         0000
__Lcommon                       common       0000
__Lconfig                       config       0000
__LcstackBANK0                  cstackBANK0  0000
__LcstackBANK1                  cstackBANK1  0000
__LcstackBANK2                  cstackBANK2  0000
__LcstackBANK3                  cstackBANK3  0000
__LcstackCOMMON                 cstackCOMMON 0000
__LdataBANK1                    dataBANK1    0000
__LdataBANK3                    dataBANK3    0000
__Leeprom_data                  eeprom_data  0000
__Lend_init                     end_init     0012
__Lfunctab                      functab      0000
__LidataBANK1                   idataBANK1   0000
__LidataBANK3                   idataBANK3   0000
__Lidloc                        idloc        0000
__Linit                         init         0012
__Lintentry                     intentry     0004
__Lmaintext                     maintext     0000
__Lpowerup                      powerup      0000
__Lram                          ram          0000
__Lreset_vec                    reset_vec    0000
__Lsfr0                         sfr0         0000
__Lsfr1                         sfr1         0000
__Lsfr2                         sfr2         0000
__Lsfr3                         sfr3         0000
__Lspace_0                      (abs)        0000
__Lspace_1                      (abs)        0000
__Lspace_2                      (abs)        0000
__Lspace_3                      (abs)        0000
__Lspace_4                      (abs)        0000
__Lstack                        stack        0000
__Lstrings                      strings      0000
__Ltext                         text         0000
__S0                            (abs)        1800
__S1                            (abs)        01E9
__S3                            (abs)        0000
__Umul8_16                      text21       1479
__Umul8_16@multiplicand         cstackCOMMON 0070
__Umul8_16@multiplier           cstackCOMMON 0078
__Umul8_16@product              cstackCOMMON 0074
__Umul8_16@word_mpld            cstackCOMMON 0076
___fladd                        text23       0502
___fladd@a                      cstackBANK0  0058
___fladd@aexp                   cstackBANK0  0065
___fladd@b                      cstackBANK0  0054
___fladd@bexp                   cstackBANK0  0066
___fladd@grs                    cstackBANK0  0067
___fladd@signs                  cstackBANK0  0064
___fldiv                        text22       0AE8
___fldiv@a                      cstackBANK0  0020
___fldiv@aexp                   cstackBANK0  0039
___fldiv@b                      cstackBANK0  0024
___fldiv@bexp                   cstackBANK0  0038
___fldiv@grs                    cstackBANK0  0034
___fldiv@new_exp                cstackBANK0  0032
___fldiv@rem                    cstackBANK0  002D
___fldiv@sign                   cstackBANK0  0031
___flmul                        text20       0CBB
___flmul@a                      cstackBANK0  003E
___flmul@aexp                   cstackBANK0  004C
___flmul@b                      cstackBANK0  003A
___flmul@bexp                   cstackBANK0  004D
___flmul@grs                    cstackBANK0  0048
___flmul@prod                   cstackBANK0  004E
___flmul@sign                   cstackBANK0  0047
___flmul@temp                   cstackBANK0  0052
___fltol                        text19       075A
___fltol@exp1                   cstackBANK1  00A1
___fltol@f1                     cstackBANK0  0068
___fltol@sign1                  cstackBANK1  00A0
___int_sp                       stack        0000
___latbits                      (abs)        0002
___lwdiv                        text27       15B6
___lwdiv@counter                cstackCOMMON 0077
___lwdiv@dividend               cstackCOMMON 0072
___lwdiv@divisor                cstackCOMMON 0070
___lwdiv@quotient               cstackCOMMON 0075
___lwmod                        text26       153E
___lwmod@counter                cstackCOMMON 0075
___lwmod@dividend               cstackCOMMON 0072
___lwmod@divisor                cstackCOMMON 0070
___sp                           stack        0000
___stackhi                      (abs)        0000
___stacklo                      (abs)        0000
___wmul                         text16       142E
___wmul@multiplicand            cstackCOMMON 0072
___wmul@multiplier              cstackCOMMON 0070
___wmul@product                 cstackCOMMON 0074
___xxtofl                       text18       0A30
___xxtofl@arg                   cstackCOMMON 007A
___xxtofl@exp                   cstackCOMMON 0079
___xxtofl@sign                  cstackCOMMON 0078
___xxtofl@val                   cstackCOMMON 0070
__end_of_ADC_Change             text10       1650
__end_of_ADC_Int                text9        13DD
__end_of_ADC_Isr_Enable         text8        13B5
__end_of_ADC_Select             text11       0982
__end_of_EEPROM_Read            text33       0907
__end_of_EEPROM_Write           text32       140A
__end_of_EUSART_Disable_RX_Isr  text7        13A6
__end_of_EUSART_Disable_TX_Isr  text6        13AA
__end_of_EUSART_Init            text5        0800
__end_of_Enviar_Texto           text31       1479
__end_of_Int_Enable             text4        13BC
__end_of_PWM_Enable_Mux         text3        13AE
__end_of_PWM_Mux_Channel_Select text30       153E
__end_of_PWM_config             text2        1717
__end_of_PWM_duty               text29       16B1
__end_of_Recibir_Texto          text28       1507
__end_of_Setup                  text1        14D1
__end_of__Umul8_16              text21       14A0
__end_of___fladd                text23       075A
__end_of___fldiv                text22       0CBB
__end_of___flmul                text20       1000
__end_of___fltol                text19       07E8
__end_of___lwdiv                text27       15FA
__end_of___lwmod                text26       1578
__end_of___wmul                 text16       1453
__end_of___xxtofl               text18       0AE8
__end_of__initialization        cinit        003C
__end_of__stringtab             strings      0810
__end_of_atoi                   text14       1800
__end_of_isdigit                text15       13EF
__end_of_isr                    text12       0502
__end_of_itoa                   text24       142E
__end_of_main                   maintext     15B6
__end_of_map                    text17       0A30
__end_of_string_to_int          text13       13CC
__end_of_utoa                   text25       1785
__initialization                cinit        0015
__pbssBANK3                     bssBANK3     01D8
__pcstackBANK0                  cstackBANK0  0020
__pcstackBANK1                  cstackBANK1  00A0
__pcstackBANK2                  cstackBANK2  0110
__pcstackBANK3                  cstackBANK3  0190
__pcstackCOMMON                 cstackCOMMON 0070
__pdataBANK1                    dataBANK1    00B8
__pdataBANK3                    dataBANK3    01E7
__pidataBANK1                   idataBANK1   0003
__pidataBANK3                   idataBANK3   13A0
__pintentry                     intentry     0004
__pmaintext                     maintext     1578
__pstrings                      strings      0800
__ptext1                        text1        14A0
__ptext10                       text10       15FA
__ptext11                       text11       0907
__ptext12                       text12       0040
__ptext13                       text13       13BC
__ptext14                       text14       1785
__ptext15                       text15       13DD
__ptext16                       text16       142E
__ptext17                       text17       0982
__ptext18                       text18       0A30
__ptext19                       text19       075A
__ptext2                        text2        16B1
__ptext20                       text20       0CBB
__ptext21                       text21       1479
__ptext22                       text22       0AE8
__ptext23                       text23       0502
__ptext24                       text24       140A
__ptext25                       text25       1717
__ptext26                       text26       153E
__ptext27                       text27       15B6
__ptext28                       text28       14D1
__ptext29                       text29       1650
__ptext3                        text3        13AA
__ptext30                       text30       1507
__ptext31                       text31       1453
__ptext32                       text32       13EF
__ptext33                       text33       08F0
__ptext4                        text4        13B5
__ptext5                        text5        07E8
__ptext6                        text6        13A6
__ptext7                        text7        13A2
__ptext8                        text8        13AE
__ptext9                        text9        13CC
__stringbase                    strings      080F
__stringtab                     strings      0800
_atoi                           text14       1785
_isdigit                        text15       13DD
_isdigit$1220                   cstackCOMMON 0070
_isr                            text12       0040
_itoa                           text24       140A
_main                           maintext     1578
_map                            text17       0982
_string_to_int                  text13       13BC
_utoa                           text25       1717
atoi@a                          cstackCOMMON 007B
atoi@s                          cstackCOMMON 007D
atoi@sign                       cstackCOMMON 007A
btemp                           (abs)        007E
end_of_initialization           cinit        003C
interrupt_function              intentry     0004
intlevel0                       functab      0000
intlevel1                       functab      0000
intlevel2                       functab      0000
intlevel3                       functab      0000
intlevel4                       functab      0000
intlevel5                       functab      0000
isdigit@c                       cstackCOMMON 0071
isr@buffer                      cstackBANK3  0190
isr@i                           cstackBANK3  01D6
isr@numStr                      cstackBANK3  01C2
isr@numbers                     cstackBANK3  01CE
itoa@base                       cstackBANK0  0026
itoa@buf                        cstackBANK0  0028
itoa@val                        cstackBANK0  0024
map@x                           cstackBANK1  00A8
map@x0                          cstackBANK1  00A2
map@x1                          cstackBANK1  00A3
map@y0                          cstackBANK1  00A4
map@y1                          cstackBANK1  00A6
reset_vec                       reset_vec    0000
saved_w                         (abs)        007E
start                           init         0012
start_initialization            cinit        0015
string_to_int@str               cstackBANK0  0022
utoa@base                       cstackCOMMON 007A
utoa@buf                        cstackBANK0  0023
utoa@c                          cstackBANK0  0022
utoa@v                          cstackBANK0  0020
utoa@val                        cstackCOMMON 0078
wtemp0                          (abs)        007E


MODULE INFORMATION

Module		Function		Class		Link	Load	Size
C:\Program Files\Microchip\xc8\v2.40\pic\sources\c90\common\fltol.c
		___fltol       		CODE           	075A	0000	142

C:\Program Files\Microchip\xc8\v2.40\pic\sources\c90\common\fltol.c estimated size: 142

EUSART.c
		_EUSART_Init   		CODE           	07E8	0000	24
		_string_to_int 		CODE           	13BC	0000	16
		_Enviar_Texto  		CODE           	1453	0000	38
		_EUSART_Disable_RX_Isr		CODE           	13A2	0000	4
		_EUSART_Disable_TX_Isr		CODE           	13A6	0000	4
		_Recibir_Texto 		CODE           	14D1	0000	54

EUSART.c estimated size: 140

C:\Program Files\Microchip\xc8\v2.40\pic\sources\c90\common\sprcmul.c
		___flmul       		CODE           	0CBB	0000	837

C:\Program Files\Microchip\xc8\v2.40\pic\sources\c90\common\sprcmul.c estimated size: 837

C:\Program Files\Microchip\xc8\v2.40\pic\sources\c90\common\sprcdiv.c
		___fldiv       		CODE           	0AE8	0000	467

C:\Program Files\Microchip\xc8\v2.40\pic\sources\c90\common\sprcdiv.c estimated size: 467

C:\Program Files\Microchip\xc8\v2.40\pic\sources\c90\common\atoi.c
		_atoi          		CODE           	1785	0000	123

C:\Program Files\Microchip\xc8\v2.40\pic\sources\c90\common\atoi.c estimated size: 123

C:\Program Files\Microchip\xc8\v2.40\pic\sources\c90\common\Umul8_16.c
		__Umul8_16     		CODE           	1479	0000	39

C:\Program Files\Microchip\xc8\v2.40\pic\sources\c90\common\Umul8_16.c estimated size: 39

C:\Program Files\Microchip\xc8\v2.40\pic\sources\c90\common\Umul16.c
		___wmul        		CODE           	142E	0000	37

C:\Program Files\Microchip\xc8\v2.40\pic\sources\c90\common\Umul16.c estimated size: 37

EEPROM.c
		_EEPROM_Read   		CODE           	08F0	0000	23
		_EEPROM_Write  		CODE           	13EF	0000	27

EEPROM.c estimated size: 50

PWM.c
		_PWM_Enable_Mux		CODE           	13AA	0000	4
		_PWM_config    		CODE           	16B1	0000	102
		_PWM_duty      		CODE           	1650	0000	97
		_PWM_Mux_Channel_Select		CODE           	1507	0000	55

PWM.c estimated size: 258

C:\Program Files\Microchip\xc8\v2.40\pic\sources\c90\common\lwmod.c
		___lwmod       		CODE           	153E	0000	58

C:\Program Files\Microchip\xc8\v2.40\pic\sources\c90\common\lwmod.c estimated size: 58

Proyecto_2.c
		_main          		CODE           	1578	0000	62
		_ADC_Change    		CODE           	15FA	0000	86
		_Setup         		CODE           	14A0	0000	49
		_isr           		CODE           	0040	0000	1218
		_Int_Enable    		CODE           	13B5	0000	7

Proyecto_2.c estimated size: 1422

shared
		__stringtab    		STRING         	0800	0000	16
		__initialization		CODE           	0015	0000	39

shared estimated size: 55

ADC.c
		_ADC_Isr_Enable		CODE           	13AE	0000	7
		_ADC_Int       		CODE           	13CC	0000	17
		_ADC_Select    		CODE           	0907	0000	123

ADC.c estimated size: 147

C:\Program Files\Microchip\xc8\v2.40\pic\sources\c90\common\isdigit.c
		_isdigit       		CODE           	13DD	0000	18

C:\Program Files\Microchip\xc8\v2.40\pic\sources\c90\common\isdigit.c estimated size: 18

C:\Program Files\Microchip\xc8\v2.40\pic\sources\c90\common\sprcadd.c
		___fladd       		CODE           	0502	0000	600

C:\Program Files\Microchip\xc8\v2.40\pic\sources\c90\common\sprcadd.c estimated size: 600

C:\Program Files\Microchip\xc8\v2.40\pic\sources\c90\common\itoa.c
		_itoa          		CODE           	140A	0000	36
		_utoa          		CODE           	1717	0000	110

C:\Program Files\Microchip\xc8\v2.40\pic\sources\c90\common\itoa.c estimated size: 146

Map.c
		_map           		CODE           	0982	0000	174

Map.c estimated size: 174

C:\Program Files\Microchip\xc8\v2.40\pic\sources\c90\common\lwdiv.c
		___lwdiv       		CODE           	15B6	0000	68

C:\Program Files\Microchip\xc8\v2.40\pic\sources\c90\common\lwdiv.c estimated size: 68

C:\Program Files\Microchip\xc8\v2.40\pic\sources\c90\common\xxtofl.c
		___xxtofl      		CODE           	0A30	0000	184

C:\Program Files\Microchip\xc8\v2.40\pic\sources\c90\common\xxtofl.c estimated size: 184

